✔ OpenClaw process serializes worker setup failures instead of losing diagnostics (46.401419ms)
✔ OpenClaw never repeats a potentially mutating agent after an empty cleanup error (110.536244ms)
✔ OpenClaw retries only read-only checkout inspection with fresh state and retained diagnostics (142.978276ms)
✔ OpenClaw read-only cleanup retry stops after the second failure (145.523887ms)
✔ OpenClaw does not replay other failures, useful output or an exhausted retry budget (226.284114ms)
✔ OpenClaw process emits isolated config and invocation, joins payloads, and cleans state (74.486229ms)
✔ Workers AI headless reviews force OpenClaw code mode with lean tools (79.597266ms)
✔ OpenClaw checkout inspection uses agent exec and Workers AI code mode (68.03667ms)
✔ OpenClaw checkout inspection requires challenge text and structured read evidence (208.831529ms)
✔ OpenClaw JSON parser accepts a complete envelope after diagnostic stdout (2.099226ms)
✔ OpenClaw JSON parser still rejects diagnostic-only stdout (0.328011ms)
✔ OpenClaw exit-zero error envelopes synthesize process failures (194.821842ms)
✔ OpenClaw timeout stop reasons are exposed as ETIMEDOUT (66.509799ms)
✔ OpenClaw invalid JSON fails closed with a bounded stderr tail (65.245603ms)
✔ OpenClaw runner writes the normalized last message and notes ignored steering (94.1627ms)
✔ OpenClaw provider config rejects malformed and non-object JSON without echoing it (0.701835ms)
✔ OpenClaw kimi models get built-in provider defaults when none are configured (62.92494ms)
✔ OpenClaw non-kimi models get no built-in provider block (65.857065ms)
✔ OpenClaw subprocess env strips workflow credentials and keeps provider keys (65.149608ms)
✔ OpenClaw cerebras models get built-in provider defaults (66.842108ms)
✔ OpenClaw zai models get built-in Coding Plan endpoint defaults (65.744516ms)
✔ cluster worker passes workflow inputs through environment boundaries (48.246383ms)
✔ repair mutation authority is bounded per run and defaults off (24.013191ms)
✔ classified repair dispatches carry bounded per-run mutation authority (0.689072ms)
✔ repair inference policy override is bounded and defaults to auto (26.012992ms)
✔ repair dispatch plumbing preserves the bounded inference policy (0.454087ms)
✔ repair plan and execute jobs use the shared inference router before model setup (53.291508ms)
✔ generated issue workers can create PRs but never inherit the maintainer merge gate (15.820644ms)
✔ repair execution fails closed for autofix and autogenerated PRs (548.738498ms)
✔ repair workflow applies the fail-closed merge gate before worker execution (12.688108ms)
✔ Telegram proof credentials reach only the OpenClaw execution worker (21.781514ms)
✔ missing PR repair jobs preserve only live authorized automerge (91.097025ms)
✔ repair jobs hydrate exactly their issue or pull-request record (84.836766ms)
✔ single-item comment commands avoid hydrating the full repository (64.497505ms)
✔ deduplicated issue dispatch preserves the actual existing worker creation time (3.477524ms)
✔ cluster intake validates one safe repository token before exporting outputs (5.561811ms)
✔ repair dispatch passes bounded execution authority for a classified maintainer or bot (2.24307ms)
✔ repair dispatch rejects missing, false and merely truthy authority (0.677675ms)
✔ repair authority is returned independently for each dispatch and never grants merge (0.429137ms)
ℹ tests 39
ℹ suites 0
ℹ pass 39
ℹ fail 0
ℹ cancelled 0
ℹ skipped 0
ℹ todo 0
ℹ duration_ms 2046.156178
