✖ OpenClaw never repeats a potentially mutating agent after an empty cleanup error (136.566219ms)
✖ OpenClaw retries only read-only checkout inspection with fresh state and retained diagnostics (140.787025ms)
ℹ tests 2
ℹ suites 0
ℹ pass 0
ℹ fail 2
ℹ cancelled 0
ℹ skipped 0
ℹ todo 0
ℹ duration_ms 408.710761

✖ failing tests:

test at test/openclaw-process.test.ts:133:1
✖ OpenClaw never repeats a potentially mutating agent after an empty cleanup error (136.566219ms)
  AssertionError [ERR_ASSERTION]: Expected values to be strictly equal:

  2 !== 1

      at TestContext.<anonymous> (file:///mnt/data/clawsweeper/test/openclaw-process.test.ts:136:12)
      at Test.runInAsyncScope (node:async_hooks:227:14)
      at Test.run (node:internal/test_runner/test:1402:25)
      at Test.start (node:internal/test_runner/test:1262:17)
      at startSubtestAfterBootstrap (node:internal/test_runner/harness:387:17) {
    generatedMessage: true,
    code: 'ERR_ASSERTION',
    actual: 2,
    expected: 1,
    operator: 'strictEqual',
    diff: 'simple'
  }

test at test/openclaw-process.test.ts:142:1
✖ OpenClaw retries only read-only checkout inspection with fresh state and retained diagnostics (140.787025ms)
  AssertionError [ERR_ASSERTION]: The input did not match the regular expression /cleanup did not settle/. Input:

  '{"ok":true,"status":"ok","final":"tracked checkout content","toolSummary":{"calls":1,"tools":["read"],"failures":0}}'

      at TestContext.<anonymous> (file:///mnt/data/clawsweeper/test/openclaw-process.test.ts:154:12)
      at Test.runInAsyncScope (node:async_hooks:227:14)
      at Test.run (node:internal/test_runner/test:1402:25)
      at Test.processPendingSubtests (node:internal/test_runner/test:974:18)
      at Test.postRun (node:internal/test_runner/test:1542:19)
      at Test.run (node:internal/test_runner/test:1467:12)
      at async startSubtestAfterBootstrap (node:internal/test_runner/harness:387:3) {
    generatedMessage: true,
    code: 'ERR_ASSERTION',
    actual: '{"ok":true,"status":"ok","final":"tracked checkout content","toolSummary":{"calls":1,"tools":["read"],"failures":0}}',
    expected: /cleanup did not settle/,
    operator: 'match',
    diff: 'simple'
  }
